[info] Starting Continue core...
[2026-05-27T13:24:33] [info] Starting Continue core... 
[2026-05-27T13:24:33] Setup 
[2026-05-27T13:24:33] Config has not changed, skipping write 
[2026-05-27T13:24:58] Unknown context provider folder 
[2026-05-27T13:24:58] Unknown context provider codebase 
[2026-05-27T13:24:58] [binary] Core started 
[info] Starting Continue core...
[2026-05-27T13:25:22] [info] Starting Continue core... 
[2026-05-27T13:25:22] Setup 
[2026-05-27T13:25:22] Config has not changed, skipping write 
[2026-05-27T13:25:38] Unknown context provider folder 
[2026-05-27T13:25:38] Unknown context provider codebase 
[2026-05-27T13:25:38] [binary] Core started 
[info] Starting Continue core...
[2026-05-27T13:26:09] [info] Starting Continue core... 
[2026-05-27T13:26:09] Setup 
[2026-05-27T13:26:09] Config has not changed, skipping write 
[2026-05-27T13:26:09] Unknown context provider folder 
[2026-05-27T13:26:09] Unknown context provider codebase 
[2026-05-27T13:26:09] [binary] Core started 
[info] Starting Continue core...
[2026-05-27T13:40:09] [info] Starting Continue core... 
[2026-05-27T13:40:09] Setup 
[2026-05-27T13:40:09] Config has not changed, skipping write 
[2026-05-27T13:40:09] Unknown context provider folder 
[2026-05-27T13:40:09] Unknown context provider codebase 
[2026-05-27T13:40:09] [binary] Core started 
